LX51 LINKER/LOCATER V4.66.87.0                                                          11/23/2021  15:28:34  PAGE 1


LX51 LINKER/LOCATER V4.66.87.0, INVOKED BY:
C:\KEIL_V5\C51\BIN\LX51.EXE .\Objects\START_SS881X.obj, .\Objects\main.obj TO .\Objects\ss881x PRINT (.\Listings\ss881x.
>> map) REMOVEUNUSED


CPU MODE:     8051 MODE
MEMORY MODEL: SMALL


INPUT MODULES INCLUDED:
  .\Objects\START_SS881X.obj (?C_STARTUP)
         COMMENT TYPE 0: AX51 V3.15.3.0
  .\Objects\main.obj (MAIN)
         COMMENT TYPE 0: C51 V9.57.0.0
  C:\KEIL_V5\C51\LIB\C51S.LIB (?C?SIDIV)
         COMMENT TYPE 1: A51 / ASM51 Assembler
  C:\KEIL_V5\C51\LIB\C51S.LIB (?C?UIDIV)
         COMMENT TYPE 1: A51 / ASM51 Assembler


ACTIVE MEMORY CLASSES OF MODULE:  .\Objects\ss881x (?C_STARTUP)

BASE        START       END         USED      MEMORY CLASS
==========================================================
C:000000H   C:000000H   C:00FFFFH   000100H   CODE
I:000000H   I:000000H   I:0000FFH   000001H   IDATA
I:000000H   I:000000H   I:00007FH   00000AH   DATA


MEMORY MAP OF MODULE:  .\Objects\ss881x (?C_STARTUP)


START     STOP      LENGTH    ALIGN  RELOC    MEMORY CLASS   SEGMENT NAME
=========================================================================

* * * * * * * * * * *   D A T A   M E M O R Y   * * * * * * * * * * * * *
000000H   000007H   000008H   ---    AT..     DATA           "REG BANK 0"
000008H   000009H   000002H   BYTE   UNIT     DATA           _DATA_GROUP_
00000AH   00000AH   000001H   BYTE   UNIT     IDATA          ?STACK

* * * * * * * * * * *   C O D E   M E M O R Y   * * * * * * * * * * * * *
000000H   000002H   000003H   ---    OFFS..   CODE           ?CO?START_SS881X?3
000003H   00008DH   00008BH   BYTE   UNIT     CODE           ?C?LIB_CODE
00008EH   0000D8H   00004BH   BYTE   UNIT     CODE           ?PR?DATA_I_READ?MAIN
0000D9H   0000E6H   00000EH   BYTE   UNIT     CODE           ?PR?MAIN?MAIN
0000E7H   0000F3H   00000DH   BYTE   UNIT     CODE           ?PR?ADC_INIT?MAIN
0000F4H   0000FFH   00000CH   BYTE   UNIT     CODE           ?C_C51STARTUP



OVERLAY MAP OF MODULE:   .\Objects\ss881x (?C_STARTUP)


FUNCTION/MODULE              BIT_GROUP   DATA_GROUP 
--> CALLED FUNCTION/MODULE  START  STOP  START  STOP
====================================================
?C_C51STARTUP               ----- -----  ----- -----
  +--> MAIN/MAIN

MAIN/MAIN                   ----- -----  ----- -----
  +--> ADC_INIT/MAIN
  +--> DATA_I_READ/MAIN

ADC_INIT/MAIN               ----- -----  ----- -----

DATA_I_READ/MAIN            ----- -----  0008H 0009H
LX51 LINKER/LOCATER V4.66.87.0                                                        11/23/2021  15:28:34  PAGE 2





PUBLIC SYMBOLS OF MODULE:  .\Objects\ss881x (?C_STARTUP)


      VALUE       CLASS    TYPE      PUBLIC SYMBOL NAME
      =================================================
      00000000H   NUMBER   ---       ?C?CODESEG
      01000003H   CODE     ---       ?C?SIDIV
      01000039H   CODE     ---       ?C?UIDIV
      00000000H   NUMBER   ---       ?C?XDATASEG
      010000D9H   CODE     ---       ?C_START
      01000000H   CODE     NEAR LAB  ?C_STARTUP
*SFR* 000000A0H.2 DATA     BIT       ABNF
*SFR* 000000D0H.6 DATA     BIT       AC
*SFR* 000000E0H   DATA     BYTE      ACC
      010000E7H   CODE     ---       adc_init
*SFR* 000000E8H   DATA     BYTE      ADCCHEN
*SFR* 000000E6H   DATA     BYTE      ADCCON0
*SFR* 000000E7H   DATA     BYTE      ADCCON1
*SFR* 000000F5H   DATA     BYTE      ADCCON2
*SFR* 000000F7H   DATA     BYTE      ADCCON3
*SFR* 000000EAH   DATA     BYTE      ADCDAT01H
*SFR* 000000E1H   DATA     BYTE      ADCDAT0L
*SFR* 000000E9H   DATA     BYTE      ADCDAT1L
*SFR* 000000EDH   DATA     BYTE      ADCDAT23H
*SFR* 000000EBH   DATA     BYTE      ADCDAT2L
*SFR* 000000ECH   DATA     BYTE      ADCDAT3L
*SFR* 000000F1H   DATA     BYTE      ADCDAT45H
*SFR* 000000EEH   DATA     BYTE      ADCDAT4L
*SFR* 000000EFH   DATA     BYTE      ADCDAT5L
*SFR* 000000F4H   DATA     BYTE      ADCDAT67H
*SFR* 000000F2H   DATA     BYTE      ADCDAT6L
*SFR* 000000F3H   DATA     BYTE      ADCDAT7L
*SFR* 000000E8H.0 DATA     BIT       AN0EN
*SFR* 000000E8H.1 DATA     BIT       AN1EN
*SFR* 000000E8H.2 DATA     BIT       AN2EN
*SFR* 000000E8H.3 DATA     BIT       AN3EN
*SFR* 000000E8H.4 DATA     BIT       AN4EN
*SFR* 000000E8H.5 DATA     BIT       AN5EN
*SFR* 000000F0H   DATA     BYTE      B
*SFR* 000000FFH   DATA     BYTE      BATSTAT
*SFR* 00000098H.5 DATA     BIT       BR8
*SFR* 00000098H.6 DATA     BIT       BRDSRC
*SFR* 00000098H.2 DATA     BIT       BRPRE
*SFR* 000000B6H   DATA     BYTE      CHGCON0
*SFR* 000000B2H   DATA     BYTE      CHGCON1
*SFR* 000000B3H   DATA     BYTE      CHGCON2
*SFR* 000000B5H   DATA     BYTE      CHGCON3
*SFR* 0000009FH   DATA     BYTE      CHGCON4
*SFR* 000000B4H   DATA     BYTE      CHGCON5
*SFR* 000000B7H   DATA     BYTE      CHGSTAT
*SFR* 0000008EH   DATA     BYTE      CKCON
*SFR* 00000092H   DATA     BYTE      CLK_CTL2
*SFR* 000000B0H   DATA     BYTE      CLKCON0
*SFR* 000000B1H   DATA     BYTE      CLKCON1
*SFR* 000000BAH   DATA     BYTE      CMPCON0
*SFR* 000000BBH   DATA     BYTE      CMPCON1
*SFR* 000000BCH   DATA     BYTE      CMPCON2
*SFR* 000000D0H.7 DATA     BIT       CY
      0100008EH   CODE     ---       data_i_read
*SFR* 000000BDH   DATA     BYTE      DCMPCON0
*SFR* 000000BEH   DATA     BYTE      DCMPCON1
*SFR* 000000BFH   DATA     BYTE      DCMPNDATL
LX51 LINKER/LOCATER V4.66.87.0                                                        11/23/2021  15:28:34  PAGE 3


*SFR* 000000E5H   DATA     BYTE      DLLCON0
*SFR* 000000CFH   DATA     BYTE      DLLCON1
*SFR* 000000D8H.4 DATA     BIT       DMODE
*SFR* 00000083H   DATA     BYTE      DPH
*SFR* 00000085H   DATA     BYTE      DPH1
*SFR* 00000082H   DATA     BYTE      DPL
*SFR* 00000084H   DATA     BYTE      DPL1
*SFR* 00000092H   DATA     BYTE      DPSEL
*SFR* 000000B0H.7 DATA     BIT       DSEN
*SFR* 000000A8H.7 DATA     BIT       EA
*SFR* 000000C0H.2 DATA     BIT       EADC
*SFR* 000000A8H.6 DATA     BIT       ECHG
*SFR* 000000A8H.5 DATA     BIT       ECMP
*SFR* 00000084H   DATA     BYTE      EFRADR
*SFR* 00000085H   DATA     BYTE      EFRDAT
*SFR* 000000A8H.1 DATA     BIT       EIIC
*SFR* 000000A9H   DATA     BYTE      EINTCON
*SFR* 000000A8H.3 DATA     BIT       ELV
*SFR* 000000C0H.4 DATA     BIT       EOC
*SFR* 000000A8H.2 DATA     BIT       EOT
*SFR* 000000C0H.3 DATA     BIT       EOV
*SFR* 000000B8H.7 DATA     BIT       ESDP
*SFR* 000000B8H.6 DATA     BIT       ET0
*SFR* 000000B8H.5 DATA     BIT       ET1
*SFR* 000000B8H.4 DATA     BIT       ET2
*SFR* 000000B8H.0 DATA     BIT       ET2C0
*SFR* 000000B8H.1 DATA     BIT       ET2C1
*SFR* 000000B8H.2 DATA     BIT       ET2C2
*SFR* 000000B8H.3 DATA     BIT       ET2C3
*SFR* 000000C0H.5 DATA     BIT       ETICK
*SFR* 000000A8H.0 DATA     BIT       EUART
*SFR* 000000C0H.0 DATA     BIT       EX0
*SFR* 000000C0H.1 DATA     BIT       EX1
*SFR* 000000D0H.5 DATA     BIT       F0
*SFR* 0000009BH   DATA     BYTE      HPWMCON0
*SFR* 0000009CH   DATA     BYTE      HPWMDZT0
*SFR* 0000009DH   DATA     BYTE      HPWMDZT1
*SFR* 000000E8H.6 DATA     BIT       IBATEN
*SFR* 000000D3H   DATA     BYTE      IICADDR
*SFR* 000000D1H   DATA     BYTE      IICCON
*SFR* 000000D4H   DATA     BYTE      IICDAT
*SFR* 000000D5H   DATA     BYTE      IICDIV
*SFR* 000000D2H   DATA     BYTE      IICSTAT
*SFR* 000000A8H   DATA     BYTE      INTCON0
*SFR* 000000B8H   DATA     BYTE      INTCON1
*SFR* 000000C0H   DATA     BYTE      INTCON2
*SFR* 000000A8H   DATA     BYTE      INTEN0
*SFR* 000000B8H   DATA     BYTE      INTEN1
*SFR* 000000C0H   DATA     BYTE      INTEN2
*SFR* 000000B9H   DATA     BYTE      INTPRIO
*SFR* 000000D7H   DATA     BYTE      LCDCON
*SFR* 000000A0H.3 DATA     BIT       LVRF
      010000D9H   CODE     ---       main
*SFR* 000000ABH   DATA     BYTE      MFP0
*SFR* 000000ACH   DATA     BYTE      MFP1
*SFR* 000000ADH   DATA     BYTE      MFP2
*SFR* 000000AEH   DATA     BYTE      MFP3
*SFR* 000000D8H.3 DATA     BIT       MSTART
*SFR* 000000D0H.2 DATA     BIT       OV
*SFR* 000000D0H.0 DATA     BIT       P
*SFR* 00000080H   DATA     BYTE      P0
*SFR* 00000090H.5 DATA     BIT       P03WKF
*SFR* 00000090H.6 DATA     BIT       P04WKF
*SFR* 00000090H.7 DATA     BIT       P06WKF
*SFR* 00000080H.0 DATA     BIT       P0_0
LX51 LINKER/LOCATER V4.66.87.0                                                        11/23/2021  15:28:34  PAGE 4


*SFR* 00000080H.1 DATA     BIT       P0_1
*SFR* 00000080H.2 DATA     BIT       P0_2
*SFR* 00000080H.3 DATA     BIT       P0_3
*SFR* 00000080H.4 DATA     BIT       P0_4
*SFR* 00000080H.5 DATA     BIT       P0_5
*SFR* 00000080H.6 DATA     BIT       P0_6
*SFR* 00000080H.7 DATA     BIT       P0_7
*SFR* 00000080H   DATA     BYTE      P0DAT
*SFR* 00000095H   DATA     BYTE      P0MOD
*SFR* 00000097H   DATA     BYTE      P0PD
*SFR* 00000096H   DATA     BYTE      P0PU
*SFR* 00000090H   DATA     BYTE      P1
*SFR* 00000090H.0 DATA     BIT       P1_0
*SFR* 00000090H.1 DATA     BIT       P1_1
*SFR* 00000090H.2 DATA     BIT       P1_2
*SFR* 00000090H.3 DATA     BIT       P1_3
*SFR* 00000090H.4 DATA     BIT       P1_4
*SFR* 00000090H   DATA     BYTE      P1DAT
*SFR* 00000091H   DATA     BYTE      P1MOD
*SFR* 00000093H   DATA     BYTE      P1OM
*SFR* 00000094H   DATA     BYTE      P1PUPD
*SFR* 00000098H.7 DATA     BIT       PAREN
*SFR* 000000F8H.3 DATA     BIT       PCHGEN
*SFR* 00000087H   DATA     BYTE      PCON
*SFR* 000000AAH   DATA     BYTE      PDRV0
*SFR* 000000AFH   DATA     BYTE      PDRV1
*SFR* 000000A0H.1 DATA     BIT       PINF
*SFR* 000000A0H.0 DATA     BIT       PORF
*SFR* 000000E2H   DATA     BYTE      PRCCON0
*SFR* 000000E3H   DATA     BYTE      PRCCON1
*SFR* 000000D6H   DATA     BYTE      PRCCON2
*SFR* 000000E4H   DATA     BYTE      PRCFREQL
*SFR* 000000D0H   DATA     BYTE      PSW
*SFR* 000000A7H   DATA     BYTE      PWKCTL
*SFR* 000000F8H   DATA     BYTE      PWRCON0
*SFR* 000000F9H   DATA     BYTE      PWRCON1
*SFR* 000000FBH   DATA     BYTE      PWRCON2
*SFR* 000000FCH   DATA     BYTE      PWRCON3
*SFR* 000000FEH   DATA     BYTE      PWRCON4
*SFR* 000000FDH   DATA     BYTE      PWRSTAT
*SFR* 000000A6H   DATA     BYTE      RCCON
*SFR* 00000098H.4 DATA     BIT       REN
*SFR* 00000098H.3 DATA     BIT       RER
*SFR* 000000A0H   DATA     BYTE      RESETS
*SFR* 00000098H.0 DATA     BIT       RI
*SFR* 000000D0H.3 DATA     BIT       RS0
*SFR* 000000D0H.4 DATA     BIT       RS1
*SFR* 0000009AH   DATA     BYTE      SBR
*SFR* 00000099H   DATA     BYTE      SBUF
*SFR* 000000B0H.0 DATA     BIT       SCLKSRC
*SFR* 00000098H   DATA     BYTE      SCON
*SFR* 000000D8H.7 DATA     BIT       SDPCHECK
*SFR* 000000D8H   DATA     BYTE      SDPCON0
*SFR* 000000DFH   DATA     BYTE      SDPCON1
*SFR* 000000DAH   DATA     BYTE      SDPDA
*SFR* 000000DBH   DATA     BYTE      SDPDAT0
*SFR* 000000DCH   DATA     BYTE      SDPDAT1
*SFR* 000000DDH   DATA     BYTE      SDPDAT2
*SFR* 000000DEH   DATA     BYTE      SDPDAT3
*SFR* 000000D8H.7 DATA     BIT       SDPERR
*SFR* 000000D8H.6 DATA     BIT       SDPIF
*SFR* 000000D9H   DATA     BYTE      SDPNM
*SFR* 00000081H   DATA     BYTE      SP
*SFR* 000000A0H.5 DATA     BIT       SSDF
*SFR* 000000C8H   DATA     BYTE      T2CON
LX51 LINKER/LOCATER V4.66.87.0                                                        11/23/2021  15:28:34  PAGE 5


*SFR* 000000C2H   DATA     BYTE      T2D0
*SFR* 000000C3H   DATA     BYTE      T2D1
*SFR* 000000C4H   DATA     BYTE      T2D2
*SFR* 000000C5H   DATA     BYTE      T2D3
*SFR* 000000C6H   DATA     BYTE      T2D4
*SFR* 000000C7H   DATA     BYTE      T2D5
*SFR* 000000CAH   DATA     BYTE      T2D6
*SFR* 000000CBH   DATA     BYTE      T2D7
*SFR* 000000CCH   DATA     BYTE      T2D8
*SFR* 000000CDH   DATA     BYTE      T2D9
*SFR* 000000C1H   DATA     BYTE      T2MOD
*SFR* 000000C9H   DATA     BYTE      T2STAT
*SFR* 000000A2H   DATA     BYTE      TBLNCON0
*SFR* 000000A4H   DATA     BYTE      TBLNCON1
*SFR* 00000088H.0 DATA     BIT       TBLNE0
*SFR* 00000088H.4 DATA     BIT       TBLNE1
*SFR* 000000CAH   DATA     BYTE      TCC0H
*SFR* 000000C4H   DATA     BYTE      TCC0L
*SFR* 000000CBH   DATA     BYTE      TCC1H
*SFR* 000000C5H   DATA     BYTE      TCC1L
*SFR* 000000CCH   DATA     BYTE      TCC2H
*SFR* 000000C6H   DATA     BYTE      TCC2L
*SFR* 000000CDH   DATA     BYTE      TCC3H
*SFR* 000000C7H   DATA     BYTE      TCC3L
*SFR* 000000C8H.0 DATA     BIT       TCCS0
*SFR* 000000C8H.1 DATA     BIT       TCCS1
*SFR* 000000C8H.2 DATA     BIT       TCCS2
*SFR* 000000C8H.3 DATA     BIT       TCCS3
*SFR* 00000088H   DATA     BYTE      TCON
*SFR* 000000A1H   DATA     BYTE      TCON1
*SFR* 00000088H.3 DATA     BIT       TF0
*SFR* 00000088H.7 DATA     BIT       TF1
*SFR* 0000008CH   DATA     BYTE      TH0
*SFR* 0000008DH   DATA     BYTE      TH1
*SFR* 000000CAH   DATA     BYTE      TH2_0
*SFR* 000000CCH   DATA     BYTE      TH2_1
*SFR* 00000098H.1 DATA     BIT       TI
*SFR* 0000008FH   DATA     BYTE      TICKCON
*SFR* 0000008AH   DATA     BYTE      TL0
*SFR* 0000008BH   DATA     BYTE      TL1
*SFR* 000000C2H   DATA     BYTE      TL2
*SFR* 00000089H   DATA     BYTE      TMOD
*SFR* 000000A3H   DATA     BYTE      TPDH0
*SFR* 000000A5H   DATA     BYTE      TPDH1
*SFR* 000000A2H   DATA     BYTE      TPDL0
*SFR* 000000A4H   DATA     BYTE      TPDL1
*SFR* 00000088H.1 DATA     BIT       TPE0
*SFR* 00000088H.5 DATA     BIT       TPE1
*SFR* 00000088H.2 DATA     BIT       TR0
*SFR* 00000088H.6 DATA     BIT       TR1
*SFR* 000000C8H.4 DATA     BIT       TR2
*SFR* 000000CBH   DATA     BYTE      TRH2_0
*SFR* 000000CDH   DATA     BYTE      TRH2_1
*SFR* 000000C3H   DATA     BYTE      TRL2
*SFR* 000000E8H.7 DATA     BIT       VBATEN
*SFR* 000000F8H.4 DATA     BIT       VKEYEN
*SFR* 000000A0H.4 DATA     BIT       WDOF
*SFR* 000000A0H.7 DATA     BIT       WDTCLR
*SFR* 00000086H   DATA     BYTE      WDTCON
*SFR* 000000B0H.6 DATA     BIT       WDTWKEN



SYMBOL TABLE OF MODULE:  .\Objects\ss881x (?C_STARTUP)

LX51 LINKER/LOCATER V4.66.87.0                                                        11/23/2021  15:28:34  PAGE 6


      VALUE       REP       CLASS    TYPE      SYMBOL NAME
      ====================================================
      ---         MODULE    ---      ---       ?C_STARTUP
      01000000H   PUBLIC    CODE     NEAR LAB  ?C_STARTUP
      000000E0H   SFRSYM    DATA     BYTE      ACC
      000000F0H   SFRSYM    DATA     BYTE      B
      00000083H   SFRSYM    DATA     BYTE      DPH
      00000082H   SFRSYM    DATA     BYTE      DPL
      000000FBH   SFRSYM    DATA     BYTE      PWRCON2
      000000A0H   SFRSYM    DATA     BYTE      RESETS
      00000081H   SFRSYM    DATA     BYTE      SP
      00000030H   SYMBOL    NUMBER   ---       FIRMWAREID0
      00000038H   SYMBOL    NUMBER   ---       FIRMWAREID1
      00000051H   SYMBOL    NUMBER   ---       FIRMWAREID2
      00000039H   SYMBOL    NUMBER   ---       FIRMWAREID3
      000000C0H   SYMBOL    NUMBER   ---       IDATALEN
      010000F7H   SYMBOL    CODE     NEAR LAB  IDATALOOP
      010000F4H   SYMBOL    CODE     NEAR LAB  STARTUP1
      00000000H   SYMBOL    NUMBER   ---       USEFIRMWAREID

      01000000H   BLOCK     CODE     NEAR LAB  LVL=0
      01000000H   LINE      CODE     ---       #67
      ---         BLOCKEND  ---      ---       LVL=0

      010000F4H   BLOCK     CODE     NEAR LAB  LVL=0
      010000F4H   LINE      CODE     ---       #73
      010000F6H   LINE      CODE     ---       #74
      010000F7H   LINE      CODE     ---       #75
      010000F8H   LINE      CODE     ---       #76
      010000FAH   LINE      CODE     ---       #78
      010000FDH   LINE      CODE     ---       #79
      ---         BLOCKEND  ---      ---       LVL=0

      ---         MODULE    ---      ---       MAIN
      010000D9H   PUBLIC    CODE     ---       main
      0100008EH   PUBLIC    CODE     ---       data_i_read
      010000E7H   PUBLIC    CODE     ---       adc_init
      000000C6H   SFRSYM    DATA     BYTE      T2D4
      000000B8H   SFRSYM    DATA     BYTE      INTCON1
      000000C7H   SFRSYM    DATA     BYTE      T2D5
      000000C0H   SFRSYM    DATA     BYTE      INTCON2
      00000080H   SFRSYM    DATA     BYTE      P0
      000000CAH   SFRSYM    DATA     BYTE      T2D6
      00000090H   SFRSYM    DATA     BYTE      P1
      000000CBH   SFRSYM    DATA     BYTE      T2D7
      000000A8H.0 SFRSYM    DATA     BIT       EUART
      000000CCH   SFRSYM    DATA     BYTE      T2D8
      000000D0H.6 SFRSYM    DATA     BIT       AC
      000000D9H   SFRSYM    DATA     BYTE      SDPNM
      000000CDH   SFRSYM    DATA     BYTE      T2D9
      000000A8H.7 SFRSYM    DATA     BIT       EA
      000000F8H   SFRSYM    DATA     BYTE      PWRCON0
      000000F9H   SFRSYM    DATA     BYTE      PWRCON1
      000000C0H.2 SFRSYM    DATA     BIT       EADC
      0000008FH   SFRSYM    DATA     BYTE      TICKCON
      000000FBH   SFRSYM    DATA     BYTE      PWRCON2
      00000085H   SFRSYM    DATA     BYTE      DPH1
      000000FCH   SFRSYM    DATA     BYTE      PWRCON3
      00000080H.0 SFRSYM    DATA     BIT       P0_0
      000000FEH   SFRSYM    DATA     BYTE      PWRCON4
      00000090H.0 SFRSYM    DATA     BIT       P1_0
      00000080H.1 SFRSYM    DATA     BIT       P0_1
      000000B7H   SFRSYM    DATA     BYTE      CHGSTAT
      00000090H.1 SFRSYM    DATA     BIT       P1_1
      00000080H.2 SFRSYM    DATA     BIT       P0_2
LX51 LINKER/LOCATER V4.66.87.0                                                        11/23/2021  15:28:34  PAGE 7


      00000084H   SFRSYM    DATA     BYTE      DPL1
      00000090H.2 SFRSYM    DATA     BIT       P1_2
      00000080H.3 SFRSYM    DATA     BIT       P0_3
      000000A9H   SFRSYM    DATA     BYTE      EINTCON
      00000090H.3 SFRSYM    DATA     BIT       P1_3
      00000080H.4 SFRSYM    DATA     BIT       P0_4
      000000D2H   SFRSYM    DATA     BYTE      IICSTAT
      000000ABH   SFRSYM    DATA     BYTE      MFP0
      00000090H.4 SFRSYM    DATA     BIT       P1_4
      00000080H.5 SFRSYM    DATA     BIT       P0_5
      000000ACH   SFRSYM    DATA     BYTE      MFP1
      00000097H   SFRSYM    DATA     BYTE      P0PD
      00000080H.6 SFRSYM    DATA     BIT       P0_6
      000000ADH   SFRSYM    DATA     BYTE      MFP2
      000000FFH   SFRSYM    DATA     BYTE      BATSTAT
      00000080H.7 SFRSYM    DATA     BIT       P0_7
      000000AEH   SFRSYM    DATA     BYTE      MFP3
      000000A8H.6 SFRSYM    DATA     BIT       ECHG
      000000A0H.2 SFRSYM    DATA     BIT       ABNF
      000000B0H.0 SFRSYM    DATA     BIT       SCLKSRC
      00000088H.1 SFRSYM    DATA     BIT       TPE0
      00000098H.0 SFRSYM    DATA     BIT       RI
      00000088H.5 SFRSYM    DATA     BIT       TPE1
      000000A8H.1 SFRSYM    DATA     BIT       EIIC
      000000BFH   SFRSYM    DATA     BYTE      DCMPNDATL
      000000D0H.7 SFRSYM    DATA     BIT       CY
      00000098H.1 SFRSYM    DATA     BIT       TI
      00000090H.5 SFRSYM    DATA     BIT       P03WKF
      00000090H.6 SFRSYM    DATA     BIT       P04WKF
      00000093H   SFRSYM    DATA     BYTE      P1OM
      00000090H.7 SFRSYM    DATA     BIT       P06WKF
      000000E1H   SFRSYM    DATA     BYTE      ADCDAT0L
      000000E9H   SFRSYM    DATA     BYTE      ADCDAT1L
      000000EBH   SFRSYM    DATA     BYTE      ADCDAT2L
      000000ECH   SFRSYM    DATA     BYTE      ADCDAT3L
      00000081H   SFRSYM    DATA     BYTE      SP
      000000EEH   SFRSYM    DATA     BYTE      ADCDAT4L
      000000D0H.2 SFRSYM    DATA     BIT       OV
      000000EFH   SFRSYM    DATA     BYTE      ADCDAT5L
      000000C3H   SFRSYM    DATA     BYTE      TRL2
      000000A8H.5 SFRSYM    DATA     BIT       ECMP
      000000F2H   SFRSYM    DATA     BYTE      ADCDAT6L
      00000096H   SFRSYM    DATA     BYTE      P0PU
      00000088H.0 SFRSYM    DATA     BIT       TBLNE0
      000000B0H.6 SFRSYM    DATA     BIT       WDTWKEN
      000000F3H   SFRSYM    DATA     BYTE      ADCDAT7L
      00000088H.4 SFRSYM    DATA     BIT       TBLNE1
      000000B9H   SFRSYM    DATA     BYTE      INTPRIO
      000000B0H.7 SFRSYM    DATA     BIT       DSEN
      000000B8H.7 SFRSYM    DATA     BIT       ESDP
      000000A0H.1 SFRSYM    DATA     BIT       PINF
      000000D4H   SFRSYM    DATA     BYTE      IICDAT
      000000A8H   SFRSYM    DATA     BYTE      INTEN0
      000000A0H.4 SFRSYM    DATA     BIT       WDOF
      000000A0H.5 SFRSYM    DATA     BIT       SSDF
      00000099H   SFRSYM    DATA     BYTE      SBUF
      000000CBH   SFRSYM    DATA     BYTE      TRH2_0
      000000B8H   SFRSYM    DATA     BYTE      INTEN1
      00000087H   SFRSYM    DATA     BYTE      PCON
      000000CDH   SFRSYM    DATA     BYTE      TRH2_1
      000000C0H   SFRSYM    DATA     BYTE      INTEN2
      00000098H   SFRSYM    DATA     BYTE      SCON
      000000E8H.6 SFRSYM    DATA     BIT       IBATEN
      000000D7H   SFRSYM    DATA     BYTE      LCDCON
      00000089H   SFRSYM    DATA     BYTE      TMOD
LX51 LINKER/LOCATER V4.66.87.0                                                        11/23/2021  15:28:34  PAGE 8


      00000088H   SFRSYM    DATA     BYTE      TCON
      00000084H   SFRSYM    DATA     BYTE      EFRADR
      000000F8H.3 SFRSYM    DATA     BIT       PCHGEN
      000000BDH   SFRSYM    DATA     BYTE      DCMPCON0
      000000D1H   SFRSYM    DATA     BYTE      IICCON
      000000A0H.0 SFRSYM    DATA     BIT       PORF
      00000085H   SFRSYM    DATA     BYTE      EFRDAT
      000000BEH   SFRSYM    DATA     BYTE      DCMPCON1
      000000FDH   SFRSYM    DATA     BYTE      PWRSTAT
      000000D5H   SFRSYM    DATA     BYTE      IICDIV
      000000A0H.3 SFRSYM    DATA     BIT       LVRF
      00000094H   SFRSYM    DATA     BYTE      P1PUPD
      000000B8H.0 SFRSYM    DATA     BIT       ET2C0
      000000B8H.1 SFRSYM    DATA     BIT       ET2C1
      000000B8H.2 SFRSYM    DATA     BIT       ET2C2
      000000F0H   SFRSYM    DATA     BYTE      B
      000000E8H.7 SFRSYM    DATA     BIT       VBATEN
      00000098H.6 SFRSYM    DATA     BIT       BRDSRC
      000000B8H.3 SFRSYM    DATA     BIT       ET2C3
      000000A2H   SFRSYM    DATA     BYTE      TBLNCON0
      000000C9H   SFRSYM    DATA     BYTE      T2STAT
      000000A4H   SFRSYM    DATA     BYTE      TBLNCON1
      000000E0H   SFRSYM    DATA     BYTE      ACC
      000000D8H.7 SFRSYM    DATA     BIT       SDPCHECK
      000000B8H.6 SFRSYM    DATA     BIT       ET0
      00000088H.3 SFRSYM    DATA     BIT       TF0
      000000B8H.5 SFRSYM    DATA     BIT       ET1
      00000088H.7 SFRSYM    DATA     BIT       TF1
      000000B8H.4 SFRSYM    DATA     BIT       ET2
      00000098H.5 SFRSYM    DATA     BIT       BR8
      0000008CH   SFRSYM    DATA     BYTE      TH0
      000000C0H.0 SFRSYM    DATA     BIT       EX0
      000000EAH   SFRSYM    DATA     BYTE      ADCDAT01H
      0000008DH   SFRSYM    DATA     BYTE      TH1
      000000C0H.1 SFRSYM    DATA     BIT       EX1
      000000D0H.0 SFRSYM    DATA     BIT       P
      0000009BH   SFRSYM    DATA     BYTE      HPWMCON0
      0000008AH   SFRSYM    DATA     BYTE      TL0
      000000EDH   SFRSYM    DATA     BYTE      ADCDAT23H
      0000008BH   SFRSYM    DATA     BYTE      TL1
      00000086H   SFRSYM    DATA     BYTE      WDTCON
      00000092H   SFRSYM    DATA     BYTE      CLK_CTL2
      000000D8H.7 SFRSYM    DATA     BIT       SDPERR
      000000A0H.7 SFRSYM    DATA     BIT       WDTCLR
      000000C2H   SFRSYM    DATA     BYTE      TL2
      000000E8H.0 SFRSYM    DATA     BIT       AN0EN
      000000CAH   SFRSYM    DATA     BYTE      TCC0H
      000000E8H.1 SFRSYM    DATA     BIT       AN1EN
      000000F8H.4 SFRSYM    DATA     BIT       VKEYEN
      000000CBH   SFRSYM    DATA     BYTE      TCC1H
      000000E8H.2 SFRSYM    DATA     BIT       AN2EN
      000000D0H.3 SFRSYM    DATA     BIT       RS0
      000000F1H   SFRSYM    DATA     BYTE      ADCDAT45H
      000000CCH   SFRSYM    DATA     BYTE      TCC2H
      000000E8H.3 SFRSYM    DATA     BIT       AN3EN
      00000088H.2 SFRSYM    DATA     BIT       TR0
      000000D0H.4 SFRSYM    DATA     BIT       RS1
      000000CDH   SFRSYM    DATA     BYTE      TCC3H
      000000E8H.4 SFRSYM    DATA     BIT       AN4EN
      00000088H.6 SFRSYM    DATA     BIT       TR1
      000000C0H.4 SFRSYM    DATA     BIT       EOC
      000000C4H   SFRSYM    DATA     BYTE      TCC0L
      000000A7H   SFRSYM    DATA     BYTE      PWKCTL
      000000E8H.5 SFRSYM    DATA     BIT       AN5EN
      000000C8H.4 SFRSYM    DATA     BIT       TR2
LX51 LINKER/LOCATER V4.66.87.0                                                        11/23/2021  15:28:34  PAGE 9


      000000C5H   SFRSYM    DATA     BYTE      TCC1L
      000000A0H   SFRSYM    DATA     BYTE      RESETS
      000000F4H   SFRSYM    DATA     BYTE      ADCDAT67H
      000000C6H   SFRSYM    DATA     BYTE      TCC2L
      000000E6H   SFRSYM    DATA     BYTE      ADCCON0
      000000C7H   SFRSYM    DATA     BYTE      TCC3L
      00000080H   SFRSYM    DATA     BYTE      P0DAT
      000000E7H   SFRSYM    DATA     BYTE      ADCCON1
      00000090H   SFRSYM    DATA     BYTE      P1DAT
      000000F5H   SFRSYM    DATA     BYTE      ADCCON2
      00000083H   SFRSYM    DATA     BYTE      DPH
      000000D8H.3 SFRSYM    DATA     BIT       MSTART
      000000F7H   SFRSYM    DATA     BYTE      ADCCON3
      000000C8H.0 SFRSYM    DATA     BIT       TCCS0
      000000CAH   SFRSYM    DATA     BYTE      TH2_0
      000000C8H.1 SFRSYM    DATA     BIT       TCCS1
      000000CCH   SFRSYM    DATA     BYTE      TH2_1
      000000C8H.2 SFRSYM    DATA     BIT       TCCS2
      00000082H   SFRSYM    DATA     BYTE      DPL
      000000C8H.3 SFRSYM    DATA     BIT       TCCS3
      0000009CH   SFRSYM    DATA     BYTE      HPWMDZT0
      000000A3H   SFRSYM    DATA     BYTE      TPDH0
      00000095H   SFRSYM    DATA     BYTE      P0MOD
      0000009DH   SFRSYM    DATA     BYTE      HPWMDZT1
      000000E4H   SFRSYM    DATA     BYTE      PRCFREQL
      000000A5H   SFRSYM    DATA     BYTE      TPDH1
      00000091H   SFRSYM    DATA     BYTE      P1MOD
      000000B6H   SFRSYM    DATA     BYTE      CHGCON0
      00000098H.4 SFRSYM    DATA     BIT       REN
      000000A2H   SFRSYM    DATA     BYTE      TPDL0
      000000B2H   SFRSYM    DATA     BYTE      CHGCON1
      000000A4H   SFRSYM    DATA     BYTE      TPDL1
      000000A1H   SFRSYM    DATA     BYTE      TCON1
      000000B3H   SFRSYM    DATA     BYTE      CHGCON2
      000000A8H.3 SFRSYM    DATA     BIT       ELV
      0000009AH   SFRSYM    DATA     BYTE      SBR
      000000C1H   SFRSYM    DATA     BYTE      T2MOD
      000000C8H   SFRSYM    DATA     BYTE      T2CON
      000000B5H   SFRSYM    DATA     BYTE      CHGCON3
      000000A8H.2 SFRSYM    DATA     BIT       EOT
      000000E8H   SFRSYM    DATA     BYTE      ADCCHEN
      0000009FH   SFRSYM    DATA     BYTE      CHGCON4
      00000098H.3 SFRSYM    DATA     BIT       RER
      000000B4H   SFRSYM    DATA     BYTE      CHGCON5
      000000D8H.4 SFRSYM    DATA     BIT       DMODE
      000000C0H.3 SFRSYM    DATA     BIT       EOV
      000000B0H   SFRSYM    DATA     BYTE      CLKCON0
      000000DAH   SFRSYM    DATA     BYTE      SDPDA
      000000AAH   SFRSYM    DATA     BYTE      PDRV0
      000000B1H   SFRSYM    DATA     BYTE      CLKCON1
      000000E5H   SFRSYM    DATA     BYTE      DLLCON0
      000000AFH   SFRSYM    DATA     BYTE      PDRV1
      000000CFH   SFRSYM    DATA     BYTE      DLLCON1
      0000008EH   SFRSYM    DATA     BYTE      CKCON
      000000C0H.5 SFRSYM    DATA     BIT       ETICK
      000000BAH   SFRSYM    DATA     BYTE      CMPCON0
      000000DBH   SFRSYM    DATA     BYTE      SDPDAT0
      000000D3H   SFRSYM    DATA     BYTE      IICADDR
      000000BBH   SFRSYM    DATA     BYTE      CMPCON1
      000000DCH   SFRSYM    DATA     BYTE      SDPDAT1
      000000BCH   SFRSYM    DATA     BYTE      CMPCON2
      000000DDH   SFRSYM    DATA     BYTE      SDPDAT2
      000000D0H.5 SFRSYM    DATA     BIT       F0
      000000DEH   SFRSYM    DATA     BYTE      SDPDAT3
      000000A6H   SFRSYM    DATA     BYTE      RCCON
LX51 LINKER/LOCATER V4.66.87.0                                                        11/23/2021  15:28:34  PAGE 10


      000000D8H.6 SFRSYM    DATA     BIT       SDPIF
      00000098H.7 SFRSYM    DATA     BIT       PAREN
      000000E2H   SFRSYM    DATA     BYTE      PRCCON0
      000000E3H   SFRSYM    DATA     BYTE      PRCCON1
      000000D6H   SFRSYM    DATA     BYTE      PRCCON2
      000000D8H   SFRSYM    DATA     BYTE      SDPCON0
      00000092H   SFRSYM    DATA     BYTE      DPSEL
      000000DFH   SFRSYM    DATA     BYTE      SDPCON1
      000000C2H   SFRSYM    DATA     BYTE      T2D0
      000000D0H   SFRSYM    DATA     BYTE      PSW
      000000C3H   SFRSYM    DATA     BYTE      T2D1
      00000098H.2 SFRSYM    DATA     BIT       BRPRE
      000000C4H   SFRSYM    DATA     BYTE      T2D2
      000000C5H   SFRSYM    DATA     BYTE      T2D3
      000000A8H   SFRSYM    DATA     BYTE      INTCON0

      010000E7H   BLOCK     CODE     ---       LVL=0
      010000E7H   LINE      CODE     ---       #27
      010000E7H   LINE      CODE     ---       #28
      010000E7H   LINE      CODE     ---       #29
      010000EAH   LINE      CODE     ---       #30
      010000EDH   LINE      CODE     ---       #31
      010000F0H   LINE      CODE     ---       #32
      010000F3H   LINE      CODE     ---       #33
      ---         BLOCKEND  ---      ---       LVL=0

      0100008EH   BLOCK     CODE     ---       LVL=0
      0100008EH   BLOCK     CODE     NEAR LAB  LVL=1
      00000008H   SYMBOL    DATA     INT       R
      00000002H   SYMBOL    DATA     INT       i_ma
      ---         BLOCKEND  ---      ---       LVL=1
      0100008EH   LINE      CODE     ---       #36
      0100008EH   LINE      CODE     ---       #37
      0100008EH   LINE      CODE     ---       #38
      01000094H   LINE      CODE     ---       #40
      0100009AH   LINE      CODE     ---       #41
      010000A8H   LINE      CODE     ---       #42
      010000B6H   LINE      CODE     ---       #43
      010000C5H   LINE      CODE     ---       #44
      010000D8H   LINE      CODE     ---       #45
      ---         BLOCKEND  ---      ---       LVL=0

      010000D9H   BLOCK     CODE     ---       LVL=0
      010000D9H   LINE      CODE     ---       #47
      010000D9H   LINE      CODE     ---       #48
      010000D9H   LINE      CODE     ---       #49
      010000DCH   LINE      CODE     ---       #50
      010000DFH   LINE      CODE     ---       #52
      010000E2H   LINE      CODE     ---       #54
      010000E2H   LINE      CODE     ---       #55
      010000E5H   LINE      CODE     ---       #56
      ---         BLOCKEND  ---      ---       LVL=0

      ---         MODULE    ---      ---       ?C?SIDIV
      01000003H   PUBLIC    CODE     ---       ?C?SIDIV

      ---         MODULE    ---      ---       ?C?UIDIV
      01000039H   PUBLIC    CODE     ---       ?C?UIDIV

Program Size: data=11.0 xdata=0 const=0 code=256
LX51 RUN COMPLETE.  0 WARNING(S),  0 ERROR(S)
