C51 COMPILER V9.60.0.0   MAIN                                                              11/23/2021 16:48:55 PAGE 1   


C51 COMPILER V9.60.0.0, COMPILATION OF MODULE MAIN
OBJECT MODULE PLACED IN .\Objects\main.obj
COMPILER INVOKED BY: C:\Keil_v5\C51\BIN\C51.EXE ..\..\src\main.c OMF2 OPTIMIZE(8,SPEED) BROWSE DEBUG PRINT(.\Listings\ma
                    -in.lst) OBJECT(.\Objects\main.obj)

line level    source

   1          /* Author: zhanyingwei<3080940495@qq.com>
   2           * 
   3           * Copyright (C) 2021 Sinh Micro, Inc.
   4           *
   5           * Licensed under the Apache License, Version 2.0 (the "License");
   6           * you may not use this file except in compliance with the License.
   7           * You may obtain a copy of the License at
   8           *
   9           *     http://www.apache.org/licenses/LICENSE-2.0
  10           *
  11           * Unless required by applicable law or agreed to in writing, software
  12           * distributed under the License is distributed on an "AS IS" BASIS,
  13           * WITHOUT WARRANTIES OR CONDITIONS OF ANY KIND, either express or implied.
  14           * See the License for the specific language governing permissions and
  15           * limitations under the License.
  16           */
  17          
  18          #include "ss888x.h"
  19          
  20          typedef unsigned char u8;
  21          
  22          code u8 pack_start[4]={
  23                  0xFF, 0xFF, 0xFF, 0x7F
  24          };
  25          
  26          code u8 pack_0[4]={
  27                  0x74, 0x00, 0x02, 0x1f
  28          };
  29          
  30          code u8 pack_1[2]={
  31                  0x72, 0x71
  32          };
  33          
  34          code u8 pack_2[4]={
  35                  0x70, 0x00, 0x80, 0x12
  36          };
  37          
  38          static void _delay_ms(unsigned char ms)
  39          {       
  40   1          unsigned char i, j;
  41   1          do {
  42   2              i = 4;
  43   2              j = 200;
  44   2              do
  45   2              {
  46   3                  while (--j);
  47   3              } while (--i);
  48   2          } while (--ms);
  49   1      }
  50          
  51          void ssp_hdq_tx(u8 dt)
  52          {
  53   1              while (AFR_SSP_FIFOSTART & 0x01);
  54   1              AFR_SSP_DAT = dt;
C51 COMPILER V9.60.0.0   MAIN                                                              11/23/2021 16:48:55 PAGE 2   

  55   1      }
  56          
  57          void send_StartFlag(u8 len, u8 packet_type[])
  58          {
  59   1              u8 i;
  60   1              
  61   1              AFR_SSP_CON0  = 0x05;
  62   1              
  63   1          AFR_SSP_T_ZERO  = 0x5E;
  64   1              AFR_SSP_T_ONE   = 0xF0;
  65   1              
  66   1              for (i = 0; i < len; i++)
  67   1              {
  68   2                      ssp_hdq_tx(packet_type[i]);
  69   2              }
  70   1      }
  71          
  72          void send_StopFlag(u8 off)
  73          {
  74   1              AFR_SSP_CON0  = 0x05;
  75   1              
  76   1          AFR_SSP_T_ZERO  = 0x50;
  77   1              AFR_SSP_T_ONE   = 0x02;
  78   1              
  79   1              ssp_hdq_tx(off);
  80   1      }
  81          
  82          void send_packet(u8 len, u8 packet_type[])
  83          {
  84   1              u8 i;
  85   1              
  86   1              AFR_SSP_CON0  = 0x25;
  87   1              
  88   1              AFR_SSP_T_ZERO  = 0x37;
  89   1              AFR_SSP_T_ONE   = 0x82;
  90   1              AFR_SSP_T_STOP  = 0xC0;
  91   1              
  92   1              for (i = 0; i < len; i++)
  93   1              {
  94   2                      ssp_hdq_tx(packet_type[i]);
  95   2              }
  96   1      }
  97          
  98          int main()
  99          {
 100   1              WDTCON = 0x05;                             /* disable watchdog at startup */
 101   1              
 102   1              MFP3  |= 0x10;                             /* P14 as ssp */
 103   1              
 104   1              CLK_CTL2  |= 0x08;                         /* enable SSP Clock */
 105   1              
 106   1              while (1) {
 107   2                      send_StartFlag(4,pack_start);
 108   2                      send_packet(4,pack_0);
 109   2                      _delay_ms(200);
 110   2                      send_packet(2,pack_1);
 111   2                      _delay_ms(200);
 112   2                      send_packet(4,pack_2);
 113   2                      send_StopFlag(0x7F);
 114   2                      _delay_ms(200);
 115   2              }
 116   1      }
C51 COMPILER V9.60.0.0   MAIN                                                              11/23/2021 16:48:55 PAGE 3   



MODULE INFORMATION:   STATIC OVERLAYABLE
   CODE SIZE        =    200    ----
   CONSTANT SIZE    =     14    ----
   XDATA SIZE       =   ----    ----
   PDATA SIZE       =   ----    ----
   DATA SIZE        =   ----       6
   IDATA SIZE       =   ----    ----
   BIT SIZE         =   ----    ----
   EDATA SIZE       =   ----    ----
   HDATA SIZE       =   ----    ----
   XDATA CONST SIZE =   ----    ----
   FAR CONST SIZE   =   ----    ----
END OF MODULE INFORMATION.


C51 COMPILATION COMPLETE.  0 WARNING(S),  0 ERROR(S)
